Printout for float is 1.23456788E10 , raw bits: 1345844999
Printout for float is 2.34567885E9 , raw bits: 1326174264
Printout for float is 8.0004997E10 , raw bits: 1368720731
Printout for double is 1.23456789E100 , raw bits: 6104228904771534615
Printout for double is 2.3456789E99 , raw bits: 6093696503094570599
Printout for double is 7.0078E100 , raw bits: 6115893826101197329
