--- Tests for long and ---
--- Clear everything ---
0 & 0L: 0
-1 & 0L: 0
1 & 0L: 0
9223372036854775807 & 0L: 0
-9223372036854775808 & 0L: 0
2147483647 & 0L: 0
-2147483648 & 0L: 0
--- Don't clear anything ---
0 & -1L: 0
-1 & -1L: -1
1 & -1L: 1
9223372036854775807 & -1L: 9223372036854775807
-9223372036854775808 & -1L: -9223372036854775808
2147483647 & -1L: 2147483647
-2147483648 & -1L: -2147483648
--- And with self ---
0 & 0L: 0
-1 & -1L: -1
1 & 1L: 1
9223372036854775807 & 9223372036854775807L: 9223372036854775807
-9223372036854775808 & -9223372036854775808L: -9223372036854775808
2147483647 & 2147483647L: 2147483647
-2147483648 & -2147483648L: -2147483648
--- Reduce to 1 bit ---
0 & 1L: 0
-1 & 1L: 1
1 & 1L: 1
9223372036854775807 & 1L: 1
-9223372036854775808 & 1L: 0
2147483647 & 1L: 1
-2147483648 & 1L: 0
2 & 1L: 0
--- Clear upper 32 ---
0 & 0x00000000FFFFFFFFL: 0
-1 & 0x00000000FFFFFFFFL: 4294967295
1 & 0x00000000FFFFFFFFL: 1
9223372036854775807 & 0x00000000FFFFFFFFL: 4294967295
-9223372036854775808 & 0x00000000FFFFFFFFL: 0
2147483647 & 0x00000000FFFFFFFFL: 2147483647
-2147483648 & 0x00000000FFFFFFFFL: 2147483648
4294967296 & 0x00000000FFFFFFFFL: 0
--- Clear lower 32 ---
0 & 0xFFFFFFFF00000000L: 0
-1 & 0xFFFFFFFF00000000L: -4294967296
1 & 0xFFFFFFFF00000000L: 0
9223372036854775807 & 0xFFFFFFFF00000000L: 9223372032559808512
-9223372036854775808 & 0xFFFFFFFF00000000L: -9223372036854775808
2147483647 & 0xFFFFFFFF00000000L: 0
-2147483648 & 0xFFFFFFFF00000000L: -4294967296
4294967296 & 0xFFFFFFFF00000000L: 4294967296
--- And with 2^32 ---
0 & 0x00000001000000000L: 0
-1 & 0x00000001000000000L: 68719476736
1 & 0x00000001000000000L: 0
9223372036854775807 & 0x00000001000000000L: 68719476736
-9223372036854775808 & 0x00000001000000000L: 0
2147483647 & 0x00000001000000000L: 0
-2147483648 & 0x00000001000000000L: 68719476736
4294967296 & 0x00000001000000000L: 0
