--- Tests for long addition ---
--- Add zero ---
0 + 0L: 0
-1 + 0L: -1
1 + 0L: 1
9223372036854775807 + 0L: 9223372036854775807
-9223372036854775808 + 0L: -9223372036854775808
2147483647 + 0L: 2147483647
-2147483648 + 0L: -2147483648
--- And own value  ---
0 + 0L: 0
-1 + -1L: -2
1 + 1L: 2
9223372036854775807 + 9223372036854775807L: -2
-9223372036854775808 + -9223372036854775808L: 0
2147483647 + 2147483647L: 4294967294
-2147483648 + -2147483648L: -4294967296
--- And negative value ---
0 + -0L: 0
-1 + --1L: 0
1 + -1L: 0
9223372036854775807 + -9223372036854775807L: 0
-9223372036854775808 + --9223372036854775808L: 0
2147483647 + -2147483647L: 0
-2147483648 + --2147483648L: 0
--- Add one ---
0 + 1L: 1
-1 + 1L: 0
1 + 1L: 2
9223372036854775807 + 1L: -9223372036854775808
-9223372036854775808 + 1L: -9223372036854775807
2147483647 + 1L: 2147483648
-2147483648 + 1L: -2147483647
2 + 1L: 3
--- Add minus one ---
0 + -1L: -1
-1 + -1L: -2
1 + -1L: 0
9223372036854775807 + -1L: 9223372036854775806
-9223372036854775808 + -1L: 9223372036854775807
2147483647 + -1L: 2147483646
-2147483648 + -1L: -2147483649
4294967296 + -1L: 4294967295
--- Add Long.MAX_VALUE ---
0 + 9223372036854775807L: 9223372036854775807
-1 + 9223372036854775807L: 9223372036854775806
1 + 9223372036854775807L: -9223372036854775808
9223372036854775807 + 9223372036854775807L: -2
-9223372036854775808 + 9223372036854775807L: -1
2147483647 + 9223372036854775807L: -9223372034707292162
-2147483648 + 9223372036854775807L: 9223372034707292159
4294967296 + 9223372036854775807L: -9223372032559808513
--- Add Long.MIN_VALUE ---
0 + 9223372036854775807L: -9223372036854775808
-1 + 9223372036854775807L: 9223372036854775807
1 + 9223372036854775807L: -9223372036854775807
9223372036854775807 + 9223372036854775807L: -1
-9223372036854775808 + 9223372036854775807L: 0
2147483647 + 9223372036854775807L: -9223372034707292161
-2147483648 + 9223372036854775807L: 9223372034707292160
4294967296 + 9223372036854775807L: -9223372032559808512
