Caught stack overflow error for method with big frame
