Thread 0 Main: bye
Thread 1 MAPL0: creating
Thread 1 MAPL0: starting
Thread 1 MAPL0: run starting
Thread 1 MAPL0: 0 errors found
Thread 1 MAPL0: run finishing
Thread 2 MAPL1: creating
Thread 2 MAPL1: starting
Thread 2 MAPL1: run starting
Thread 2 MAPL1: 0 errors found
Thread 2 MAPL1: run finishing
Thread 3 MAPL2: creating
Thread 3 MAPL2: starting
Thread 3 MAPL2: run starting
Thread 3 MAPL2: 0 errors found
Thread 3 MAPL2: run finishing
Thread 4 MAPL3: creating
Thread 4 MAPL3: starting
Thread 4 MAPL3: run starting
Thread 4 MAPL3: 0 errors found
Thread 4 MAPL3: run finishing
Thread 5 MAPL4: creating
Thread 5 MAPL4: starting
Thread 5 MAPL4: run starting
Thread 5 MAPL4: 0 errors found
Thread 5 MAPL4: run finishing
