Everything ok for first exception
Everything ok for second exception
Everything ok for third exception
