First long 123456789101112131
Second long -2345678910111213141
Third long 987654321012345678
Fourth long -1
Fifth long -4294967296
Sixth long 0
Seventh long 4294967295
Eight long -72056498568622321
First double 123456790528.000000
Second double 179769313486231570814527423731704356798070567525844996598917476803157260780028538760589558632766878171540458953514382464234321326889464182768467546703537516986049910576551282076245490090389328944075868508455133942304583236903222948165808559332123348274797826204144723168738177180919299881250404026184124858368.000000
Third double 0.000000
Fourth double 123456790528.000000
Fifth double 123456790528.000000
Sixth double -1.000000
Seventh double 0.000000
Eight double 0.100000
First integer -2147483648
Ninth long -9223372036854775808
First byte[] aZ
Ninth double 1.000000
First address (nil)
