Test argument passing: longs and doubles
First long -9223372036854775808
Second long 9223372036854775807
Third long -1
Fourth long 1
Fifth long -281470681808896
Sixth long 281470681808895
Seventh long 0
Eight long -1
First double 0.000000
Second double 179769313486231570814527423731704356798070567525844996598917476803157260780028538760589558632766878171540458953514382464234321326889464182768467546703537516986049910576551282076245490090389328944075868508455133942304583236903222948165808559332123348274797826204144723168738177180919299881250404026184124858368.000000
Third double -1.000000
Fourth double 0.100000
Fifth double 1234567890999999930732114707826946781561496553158231368735739722485522148589380095997427052998754393345483556542327289145867568434814350380373152620607527753392384540950953066024268311075889205725759879376963497031443323726116915128397656892239086442753924758455253355700751236401954380697235898761216.000000
Sixth double nan
Seventh double 179769313486231570814527423731704356798070567525844996598917476803157260780028538760589558632766878171540458953514382464234321326889464182768467546703537516986049910576551282076245490090389328944075868508455133942304583236903222948165808559332123348274797826204144723168738177180919299881250404026184124858368.000000
Eight double -1.000000
Test argument passing: floats and ints
First float 340282346638528859811704183484516925440.000000
Second float 0.000000
Third float -1.000000
Fourth float 1.000000
Fifth float 0.100000
Sixth float 12345678906183668990302990096138240.000000
Seventh float nan
Eight float inf
First int 2147483647
Second int -2147483648
Third int -1
Fourth int 1
Fifth int 0
Sixth int -65536
Seventh int 65535
Eight int -253713999
