Registering transformer
Transforming class: test/org/jikesrvm/basic/core/instrument/TestAgent
TestAgent executed.
